// Jest Snapshot v1, https://goo.gl/fbAQLP

exports[`should render add post page correctly 1`] = `
<div>
  <h1>
    Create Blog Post
  </h1>
  <PostForm
    onSubmit={[Function]}
  />
</div>
`;
