// Jest Snapshot v1, https://goo.gl/fbAQLP

exports[`should correctly render component 1`] = `
<div>
  <h1>
    My Dashboard
  </h1>
  <button
    onClick={[Function]}
  >
    Logout
  </button>
  <NavLink
    to="/create"
  >
    Create New Post
  </NavLink>
  <Connect(PostFilters) />
  <Connect(PostList) />
</div>
`;
