// Jest Snapshot v1, https://goo.gl/fbAQLP

exports[`should render homepage correctly 1`] = `
<div>
  <h1>
    Welcome to BlogMunster
  </h1>
  <button
    onClick={[Function]}
  >
    Login with Google
  </button>
  <Connect(PostFilters) />
  <Connect(PostList) />
</div>
`;
