// Jest Snapshot v1, https://goo.gl/fbAQLP

exports[`should correctly render component 1`] = `
<div>
  Error 404! Page Not Found - 
  <Link
    to="/"
  >
    Go Home
  </Link>
</div>
`;
